Inserting integers between 1 and 100 in the tree...DONE!
Is 0 in the tree? 0
Is 1 in the tree? 1
Is 50 in the tree? 1
Is 100 in the tree? 1
Is 101 in the tree? 0
