This should be printed 5 times.
This should be printed 5 times.
This should be printed 5 times.
This should be printed 5 times.
This should be printed 5 times.
