Posicion del estudiante anitalavalatina: 3
Posicion del estudiante tonita: -1
Es palindromo el nombre de la estudiante anitalavalatina: Es palindromo
Es palindromo el nombre de la estudiante Mariela: No es palindromo