Move a disc from A to B.
Move a disc from A to C.
Move a disc from B to C.
Move a disc from A to B.
Move a disc from C to A.
Move a disc from C to B.
Move a disc from A to B.
Move a disc from A to C.
Move a disc from B to C.
Move a disc from B to A.
Move a disc from C to A.
Move a disc from B to C.
Move a disc from A to B.
Move a disc from A to C.
Move a disc from B to C.
Move a disc from A to B.
Move a disc from C to A.
Move a disc from C to B.
Move a disc from A to B.
Move a disc from C to A.
Move a disc from B to C.
Move a disc from B to A.
Move a disc from C to A.
Move a disc from C to B.
Move a disc from A to B.
Move a disc from A to C.
Move a disc from B to C.
Move a disc from A to B.
Move a disc from C to A.
Move a disc from C to B.
Move a disc from A to B.
Move a disc from A to C.
Move a disc from B to C.
Move a disc from B to A.
Move a disc from C to A.
Move a disc from B to C.
Move a disc from A to B.
Move a disc from A to C.
Move a disc from B to C.
Move a disc from B to A.
Move a disc from C to A.
Move a disc from C to B.
Move a disc from A to B.
Move a disc from C to A.
Move a disc from B to C.
Move a disc from B to A.
Move a disc from C to A.
Move a disc from B to C.
Move a disc from A to B.
Move a disc from A to C.
Move a disc from B to C.
Move a disc from A to B.
Move a disc from C to A.
Move a disc from C to B.
Move a disc from A to B.
Move a disc from A to C.
Move a disc from B to C.
Move a disc from B to A.
Move a disc from C to A.
Move a disc from B to C.
Move a disc from A to B.
Move a disc from A to C.
Move a disc from B to C.
Move a disc from A to B.
Move a disc from C to A.
Move a disc from C to B.
Move a disc from A to B.
Move a disc from C to A.
Move a disc from B to C.
Move a disc from B to A.
Move a disc from C to A.
Move a disc from C to B.
Move a disc from A to B.
Move a disc from A to C.
Move a disc from B to C.
Move a disc from A to B.
Move a disc from C to A.
Move a disc from C to B.
Move a disc from A to B.
Move a disc from C to A.
Move a disc from B to C.
Move a disc from B to A.
Move a disc from C to A.
Move a disc from B to C.
Move a disc from A to B.
Move a disc from A to C.
Move a disc from B to C.
Move a disc from B to A.
Move a disc from C to A.
Move a disc from C to B.
Move a disc from A to B.
Move a disc from C to A.
Move a disc from B to C.
Move a disc from B to A.
Move a disc from C to A.
Move a disc from C to B.
Move a disc from A to B.
Move a disc from A to C.
Move a disc from B to C.
Move a disc from A to B.
Move a disc from C to A.
Move a disc from C to B.
Move a disc from A to B.
Move a disc from A to C.
Move a disc from B to C.
Move a disc from B to A.
Move a disc from C to A.
Move a disc from B to C.
Move a disc from A to B.
Move a disc from A to C.
Move a disc from B to C.
Move a disc from A to B.
Move a disc from C to A.
Move a disc from C to B.
Move a disc from A to B.
Move a disc from C to A.
Move a disc from B to C.
Move a disc from B to A.
Move a disc from C to A.
Move a disc from C to B.
Move a disc from A to B.
Move a disc from A to C.
Move a disc from B to C.
Move a disc from A to B.
Move a disc from C to A.
Move a disc from C to B.
Move a disc from A to B.
Move a disc from A to C.
Move a disc from B to C.
Move a disc from B to A.
Move a disc from C to A.
Move a disc from B to C.
Move a disc from A to B.
Move a disc from A to C.
Move a disc from B to C.
Move a disc from B to A.
Move a disc from C to A.
Move a disc from C to B.
Move a disc from A to B.
Move a disc from C to A.
Move a disc from B to C.
Move a disc from B to A.
Move a disc from C to A.
Move a disc from B to C.
Move a disc from A to B.
Move a disc from A to C.
Move a disc from B to C.
Move a disc from A to B.
Move a disc from C to A.
Move a disc from C to B.
Move a disc from A to B.
Move a disc from A to C.
Move a disc from B to C.
Move a disc from B to A.
Move a disc from C to A.
Move a disc from B to C.
Move a disc from A to B.
Move a disc from A to C.
Move a disc from B to C.
Move a disc from B to A.
Move a disc from C to A.
Move a disc from C to B.
Move a disc from A to B.
Move a disc from C to A.
Move a disc from B to C.
Move a disc from B to A.
Move a disc from C to A.
Move a disc from C to B.
Move a disc from A to B.
Move a disc from A to C.
Move a disc from B to C.
Move a disc from A to B.
Move a disc from C to A.
Move a disc from C to B.
Move a disc from A to B.
Move a disc from C to A.
Move a disc from B to C.
Move a disc from B to A.
Move a disc from C to A.
Move a disc from B to C.
Move a disc from A to B.
Move a disc from A to C.
Move a disc from B to C.
Move a disc from B to A.
Move a disc from C to A.
Move a disc from C to B.
Move a disc from A to B.
Move a disc from C to A.
Move a disc from B to C.
Move a disc from B to A.
Move a disc from C to A.
Move a disc from B to C.
Move a disc from A to B.
Move a disc from A to C.
Move a disc from B to C.
Move a disc from A to B.
Move a disc from C to A.
Move a disc from C to B.
Move a disc from A to B.
Move a disc from A to C.
Move a disc from B to C.
Move a disc from B to A.
Move a disc from C to A.
Move a disc from B to C.
Move a disc from A to B.
Move a disc from A to C.
Move a disc from B to C.
Move a disc from A to B.
Move a disc from C to A.
Move a disc from C to B.
Move a disc from A to B.
Move a disc from C to A.
Move a disc from B to C.
Move a disc from B to A.
Move a disc from C to A.
Move a disc from C to B.
Move a disc from A to B.
Move a disc from A to C.
Move a disc from B to C.
Move a disc from A to B.
Move a disc from C to A.
Move a disc from C to B.
Move a disc from A to B.
Move a disc from A to C.
Move a disc from B to C.
Move a disc from B to A.
Move a disc from C to A.
Move a disc from B to C.
Move a disc from A to B.
Move a disc from A to C.
Move a disc from B to C.
Move a disc from B to A.
Move a disc from C to A.
Move a disc from C to B.
Move a disc from A to B.
Move a disc from C to A.
Move a disc from B to C.
Move a disc from B to A.
Move a disc from C to A.
Move a disc from B to C.
Move a disc from A to B.
Move a disc from A to C.
Move a disc from B to C.
Move a disc from A to B.
Move a disc from C to A.
Move a disc from C to B.
Move a disc from A to B.
Move a disc from A to C.
Move a disc from B to C.
Move a disc from B to A.
Move a disc from C to A.
Move a disc from B to C.
Move a disc from A to B.
Move a disc from A to C.
Move a disc from B to C.
Move a disc from A to B.
Move a disc from C to A.
Move a disc from C to B.
Move a disc from A to B.
Move a disc from C to A.
Move a disc from B to C.
Move a disc from B to A.
Move a disc from C to A.
Move a disc from C to B.
Move a disc from A to B.
Move a disc from A to C.
Move a disc from B to C.
Move a disc from A to B.
Move a disc from C to A.
Move a disc from C to B.
Move a disc from A to B.
Move a disc from C to A.
Move a disc from B to C.
Move a disc from B to A.
Move a disc from C to A.
Move a disc from B to C.
Move a disc from A to B.
Move a disc from A to C.
Move a disc from B to C.
Move a disc from B to A.
Move a disc from C to A.
Move a disc from C to B.
Move a disc from A to B.
Move a disc from C to A.
Move a disc from B to C.
Move a disc from B to A.
Move a disc from C to A.
Move a disc from C to B.
Move a disc from A to B.
Move a disc from A to C.
Move a disc from B to C.
Move a disc from A to B.
Move a disc from C to A.
Move a disc from C to B.
Move a disc from A to B.
Move a disc from A to C.
Move a disc from B to C.
Move a disc from B to A.
Move a disc from C to A.
Move a disc from B to C.
Move a disc from A to B.
Move a disc from A to C.
Move a disc from B to C.
Move a disc from A to B.
Move a disc from C to A.
Move a disc from C to B.
Move a disc from A to B.
Move a disc from C to A.
Move a disc from B to C.
Move a disc from B to A.
Move a disc from C to A.
Move a disc from C to B.
Move a disc from A to B.
Move a disc from A to C.
Move a disc from B to C.
Move a disc from A to B.
Move a disc from C to A.
Move a disc from C to B.
Move a disc from A to B.
Move a disc from C to A.
Move a disc from B to C.
Move a disc from B to A.
Move a disc from C to A.
Move a disc from B to C.
Move a disc from A to B.
Move a disc from A to C.
Move a disc from B to C.
Move a disc from B to A.
Move a disc from C to A.
Move a disc from C to B.
Move a disc from A to B.
Move a disc from C to A.
Move a disc from B to C.
Move a disc from B to A.
Move a disc from C to A.
Move a disc from B to C.
Move a disc from A to B.
Move a disc from A to C.
Move a disc from B to C.
Move a disc from A to B.
Move a disc from C to A.
Move a disc from C to B.
Move a disc from A to B.
Move a disc from A to C.
Move a disc from B to C.
Move a disc from B to A.
Move a disc from C to A.
Move a disc from B to C.
Move a disc from A to B.
Move a disc from A to C.
Move a disc from B to C.
Move a disc from B to A.
Move a disc from C to A.
Move a disc from C to B.
Move a disc from A to B.
Move a disc from C to A.
Move a disc from B to C.
Move a disc from B to A.
Move a disc from C to A.
Move a disc from C to B.
Move a disc from A to B.
Move a disc from A to C.
Move a disc from B to C.
Move a disc from A to B.
Move a disc from C to A.
Move a disc from C to B.
Move a disc from A to B.
Move a disc from C to A.
Move a disc from B to C.
Move a disc from B to A.
Move a disc from C to A.
Move a disc from B to C.
Move a disc from A to B.
Move a disc from A to C.
Move a disc from B to C.
Move a disc from B to A.
Move a disc from C to A.
Move a disc from C to B.
Move a disc from A to B.
Move a disc from C to A.
Move a disc from B to C.
Move a disc from B to A.
Move a disc from C to A.
Move a disc from C to B.
Move a disc from A to B.
Move a disc from A to C.
Move a disc from B to C.
Move a disc from A to B.
Move a disc from C to A.
Move a disc from C to B.
Move a disc from A to B.
Move a disc from A to C.
Move a disc from B to C.
Move a disc from B to A.
Move a disc from C to A.
Move a disc from B to C.
Move a disc from A to B.
Move a disc from A to C.
Move a disc from B to C.
Move a disc from A to B.
Move a disc from C to A.
Move a disc from C to B.
Move a disc from A to B.
Move a disc from C to A.
Move a disc from B to C.
Move a disc from B to A.
Move a disc from C to A.
Move a disc from C to B.
Move a disc from A to B.
Move a disc from A to C.
Move a disc from B to C.
Move a disc from A to B.
Move a disc from C to A.
Move a disc from C to B.
Move a disc from A to B.
Move a disc from A to C.
Move a disc from B to C.
Move a disc from B to A.
Move a disc from C to A.
Move a disc from B to C.
Move a disc from A to B.
Move a disc from A to C.
Move a disc from B to C.
Move a disc from B to A.
Move a disc from C to A.
Move a disc from C to B.
Move a disc from A to B.
Move a disc from C to A.
Move a disc from B to C.
Move a disc from B to A.
Move a disc from C to A.
Move a disc from B to C.
Move a disc from A to B.
Move a disc from A to C.
Move a disc from B to C.
Move a disc from A to B.
Move a disc from C to A.
Move a disc from C to B.
Move a disc from A to B.
Move a disc from A to C.
Move a disc from B to C.
Move a disc from B to A.
Move a disc from C to A.
Move a disc from B to C.
Move a disc from A to B.
Move a disc from A to C.
Move a disc from B to C.
Move a disc from A to B.
Move a disc from C to A.
Move a disc from C to B.
Move a disc from A to B.
Move a disc from C to A.
Move a disc from B to C.
Move a disc from B to A.
Move a disc from C to A.
Move a disc from C to B.
Move a disc from A to B.
Move a disc from A to C.
Move a disc from B to C.
Move a disc from A to B.
Move a disc from C to A.
Move a disc from C to B.
Move a disc from A to B.
Move a disc from C to A.
Move a disc from B to C.
Move a disc from B to A.
Move a disc from C to A.
Move a disc from B to C.
Move a disc from A to B.
Move a disc from A to C.
Move a disc from B to C.
Move a disc from B to A.
Move a disc from C to A.
Move a disc from C to B.
Move a disc from A to B.
Move a disc from C to A.
Move a disc from B to C.
Move a disc from B to A.
Move a disc from C to A.
Move a disc from C to B.
Move a disc from A to B.
Move a disc from A to C.
Move a disc from B to C.
Move a disc from A to B.
Move a disc from C to A.
Move a disc from C to B.
Move a disc from A to B.
Move a disc from A to C.
Move a disc from B to C.
Move a disc from B to A.
Move a disc from C to A.
Move a disc from B to C.
Move a disc from A to B.
Move a disc from A to C.
Move a disc from B to C.
Move a disc from A to B.
Move a disc from C to A.
Move a disc from C to B.
Move a disc from A to B.
Move a disc from C to A.
Move a disc from B to C.
Move a disc from B to A.
Move a disc from C to A.
Move a disc from C to B.
Move a disc from A to B.
Move a disc from A to C.
Move a disc from B to C.
Move a disc from A to B.
Move a disc from C to A.
Move a disc from C to B.
Move a disc from A to B.
Move a disc from A to C.
Move a disc from B to C.
Move a disc from B to A.
Move a disc from C to A.
Move a disc from B to C.
Move a disc from A to B.
Move a disc from A to C.
Move a disc from B to C.
Move a disc from B to A.
Move a disc from C to A.
Move a disc from C to B.
Move a disc from A to B.
Move a disc from C to A.
Move a disc from B to C.
Move a disc from B to A.
Move a disc from C to A.
Move a disc from B to C.
Move a disc from A to B.
Move a disc from A to C.
Move a disc from B to C.
Move a disc from A to B.
Move a disc from C to A.
Move a disc from C to B.
Move a disc from A to B.
Move a disc from A to C.
Move a disc from B to C.
Move a disc from B to A.
Move a disc from C to A.
Move a disc from B to C.
Move a disc from A to B.
Move a disc from A to C.
Move a disc from B to C.
Move a disc from B to A.
Move a disc from C to A.
Move a disc from C to B.
Move a disc from A to B.
Move a disc from C to A.
Move a disc from B to C.
Move a disc from B to A.
Move a disc from C to A.
Move a disc from C to B.
Move a disc from A to B.
Move a disc from A to C.
Move a disc from B to C.
Move a disc from A to B.
Move a disc from C to A.
Move a disc from C to B.
Move a disc from A to B.
Move a disc from C to A.
Move a disc from B to C.
Move a disc from B to A.
Move a disc from C to A.
Move a disc from B to C.
Move a disc from A to B.
Move a disc from A to C.
Move a disc from B to C.
Move a disc from B to A.
Move a disc from C to A.
Move a disc from C to B.
Move a disc from A to B.
Move a disc from C to A.
Move a disc from B to C.
Move a disc from B to A.
Move a disc from C to A.
Move a disc from B to C.
Move a disc from A to B.
Move a disc from A to C.
Move a disc from B to C.
Move a disc from A to B.
Move a disc from C to A.
Move a disc from C to B.
Move a disc from A to B.
Move a disc from A to C.
Move a disc from B to C.
Move a disc from B to A.
Move a disc from C to A.
Move a disc from B to C.
Move a disc from A to B.
Move a disc from A to C.
Move a disc from B to C.
Move a disc from A to B.
Move a disc from C to A.
Move a disc from C to B.
Move a disc from A to B.
Move a disc from C to A.
Move a disc from B to C.
Move a disc from B to A.
Move a disc from C to A.
Move a disc from C to B.
Move a disc from A to B.
Move a disc from A to C.
Move a disc from B to C.
Move a disc from A to B.
Move a disc from C to A.
Move a disc from C to B.
Move a disc from A to B.
Move a disc from A to C.
Move a disc from B to C.
Move a disc from B to A.
Move a disc from C to A.
Move a disc from B to C.
Move a disc from A to B.
Move a disc from A to C.
Move a disc from B to C.
Move a disc from B to A.
Move a disc from C to A.
Move a disc from C to B.
Move a disc from A to B.
Move a disc from C to A.
Move a disc from B to C.
Move a disc from B to A.
Move a disc from C to A.
Move a disc from B to C.
Move a disc from A to B.
Move a disc from A to C.
Move a disc from B to C.
Move a disc from A to B.
Move a disc from C to A.
Move a disc from C to B.
Move a disc from A to B.
Move a disc from A to C.
Move a disc from B to C.
Move a disc from B to A.
Move a disc from C to A.
Move a disc from B to C.
Move a disc from A to B.
Move a disc from A to C.
Move a disc from B to C.
Move a disc from B to A.
Move a disc from C to A.
Move a disc from C to B.
Move a disc from A to B.
Move a disc from C to A.
Move a disc from B to C.
Move a disc from B to A.
Move a disc from C to A.
Move a disc from C to B.
Move a disc from A to B.
Move a disc from A to C.
Move a disc from B to C.
Move a disc from A to B.
Move a disc from C to A.
Move a disc from C to B.
Move a disc from A to B.
Move a disc from C to A.
Move a disc from B to C.
Move a disc from B to A.
Move a disc from C to A.
Move a disc from B to C.
Move a disc from A to B.
Move a disc from A to C.
Move a disc from B to C.
Move a disc from B to A.
Move a disc from C to A.
Move a disc from C to B.
Move a disc from A to B.
Move a disc from C to A.
Move a disc from B to C.
Move a disc from B to A.
Move a disc from C to A.
Move a disc from C to B.
Move a disc from A to B.
Move a disc from A to C.
Move a disc from B to C.
Move a disc from A to B.
Move a disc from C to A.
Move a disc from C to B.
Move a disc from A to B.
Move a disc from A to C.
Move a disc from B to C.
Move a disc from B to A.
Move a disc from C to A.
Move a disc from B to C.
Move a disc from A to B.
Move a disc from A to C.
Move a disc from B to C.
Move a disc from A to B.
Move a disc from C to A.
Move a disc from C to B.
Move a disc from A to B.
Move a disc from C to A.
Move a disc from B to C.
Move a disc from B to A.
Move a disc from C to A.
Move a disc from C to B.
Move a disc from A to B.
Move a disc from A to C.
Move a disc from B to C.
Move a disc from A to B.
Move a disc from C to A.
Move a disc from C to B.
Move a disc from A to B.
Move a disc from C to A.
Move a disc from B to C.
Move a disc from B to A.
Move a disc from C to A.
Move a disc from B to C.
Move a disc from A to B.
Move a disc from A to C.
Move a disc from B to C.
Move a disc from B to A.
Move a disc from C to A.
Move a disc from C to B.
Move a disc from A to B.
Move a disc from C to A.
Move a disc from B to C.
Move a disc from B to A.
Move a disc from C to A.
Move a disc from B to C.
Move a disc from A to B.
Move a disc from A to C.
Move a disc from B to C.
Move a disc from A to B.
Move a disc from C to A.
Move a disc from C to B.
Move a disc from A to B.
Move a disc from A to C.
Move a disc from B to C.
Move a disc from B to A.
Move a disc from C to A.
Move a disc from B to C.
Move a disc from A to B.
Move a disc from A to C.
Move a disc from B to C.
Move a disc from B to A.
Move a disc from C to A.
Move a disc from C to B.
Move a disc from A to B.
Move a disc from C to A.
Move a disc from B to C.
Move a disc from B to A.
Move a disc from C to A.
Move a disc from C to B.
Move a disc from A to B.
Move a disc from A to C.
Move a disc from B to C.
Move a disc from A to B.
Move a disc from C to A.
Move a disc from C to B.
Move a disc from A to B.
Move a disc from C to A.
Move a disc from B to C.
Move a disc from B to A.
Move a disc from C to A.
Move a disc from B to C.
Move a disc from A to B.
Move a disc from A to C.
Move a disc from B to C.
Move a disc from B to A.
Move a disc from C to A.
Move a disc from C to B.
Move a disc from A to B.
Move a disc from C to A.
Move a disc from B to C.
Move a disc from B to A.
Move a disc from C to A.
Move a disc from B to C.
Move a disc from A to B.
Move a disc from A to C.
Move a disc from B to C.
Move a disc from A to B.
Move a disc from C to A.
Move a disc from C to B.
Move a disc from A to B.
Move a disc from A to C.
Move a disc from B to C.
Move a disc from B to A.
Move a disc from C to A.
Move a disc from B to C.
Move a disc from A to B.
Move a disc from A to C.
Move a disc from B to C.
Move a disc from A to B.
Move a disc from C to A.
Move a disc from C to B.
Move a disc from A to B.
Move a disc from C to A.
Move a disc from B to C.
Move a disc from B to A.
Move a disc from C to A.
Move a disc from C to B.
Move a disc from A to B.
Move a disc from A to C.
Move a disc from B to C.
Move a disc from A to B.
Move a disc from C to A.
Move a disc from C to B.
Move a disc from A to B.
Move a disc from A to C.
Move a disc from B to C.
Move a disc from B to A.
Move a disc from C to A.
Move a disc from B to C.
Move a disc from A to B.
Move a disc from A to C.
Move a disc from B to C.
Move a disc from B to A.
Move a disc from C to A.
Move a disc from C to B.
Move a disc from A to B.
Move a disc from C to A.
Move a disc from B to C.
Move a disc from B to A.
Move a disc from C to A.
Move a disc from B to C.
Move a disc from A to B.
Move a disc from A to C.
Move a disc from B to C.
Move a disc from A to B.
Move a disc from C to A.
Move a disc from C to B.
Move a disc from A to B.
Move a disc from A to C.
Move a disc from B to C.
Move a disc from B to A.
Move a disc from C to A.
Move a disc from B to C.
Move a disc from A to B.
Move a disc from A to C.
Move a disc from B to C.
Move a disc from A to B.
Move a disc from C to A.
Move a disc from C to B.
Move a disc from A to B.
Move a disc from C to A.
Move a disc from B to C.
Move a disc from B to A.
Move a disc from C to A.
Move a disc from C to B.
Move a disc from A to B.
Move a disc from A to C.
Move a disc from B to C.
Move a disc from A to B.
Move a disc from C to A.
Move a disc from C to B.
Move a disc from A to B.
Move a disc from C to A.
Move a disc from B to C.
Move a disc from B to A.
Move a disc from C to A.
Move a disc from B to C.
Move a disc from A to B.
Move a disc from A to C.
Move a disc from B to C.
Move a disc from B to A.
Move a disc from C to A.
Move a disc from C to B.
Move a disc from A to B.
Move a disc from C to A.
Move a disc from B to C.
Move a disc from B to A.
Move a disc from C to A.
Move a disc from C to B.
Move a disc from A to B.
Move a disc from A to C.
Move a disc from B to C.
Move a disc from A to B.
Move a disc from C to A.
Move a disc from C to B.
Move a disc from A to B.
Move a disc from A to C.
Move a disc from B to C.
Move a disc from B to A.
Move a disc from C to A.
Move a disc from B to C.
Move a disc from A to B.
Move a disc from A to C.
Move a disc from B to C.
Move a disc from A to B.
Move a disc from C to A.
Move a disc from C to B.
Move a disc from A to B.
Move a disc from C to A.
Move a disc from B to C.
Move a disc from B to A.
Move a disc from C to A.
Move a disc from C to B.
Move a disc from A to B.
Move a disc from A to C.
Move a disc from B to C.
Move a disc from A to B.
Move a disc from C to A.
Move a disc from C to B.
Move a disc from A to B.
Move a disc from A to C.
Move a disc from B to C.
Move a disc from B to A.
Move a disc from C to A.
Move a disc from B to C.
Move a disc from A to B.
Move a disc from A to C.
Move a disc from B to C.
Move a disc from B to A.
Move a disc from C to A.
Move a disc from C to B.
Move a disc from A to B.
Move a disc from C to A.
Move a disc from B to C.
Move a disc from B to A.
Move a disc from C to A.
Move a disc from B to C.
Move a disc from A to B.
Move a disc from A to C.
Move a disc from B to C.
Move a disc from A to B.
Move a disc from C to A.
Move a disc from C to B.
Move a disc from A to B.
Move a disc from A to C.
Move a disc from B to C.
Move a disc from B to A.
Move a disc from C to A.
Move a disc from B to C.
Move a disc from A to B.
Move a disc from A to C.
Move a disc from B to C.
Move a disc from B to A.
Move a disc from C to A.
Move a disc from C to B.
Move a disc from A to B.
Move a disc from C to A.
Move a disc from B to C.
Move a disc from B to A.
Move a disc from C to A.
Move a disc from C to B.
Move a disc from A to B.
Move a disc from A to C.
Move a disc from B to C.
Move a disc from A to B.
Move a disc from C to A.
Move a disc from C to B.
Move a disc from A to B.
Move a disc from C to A.
Move a disc from B to C.
Move a disc from B to A.
Move a disc from C to A.
Move a disc from B to C.
Move a disc from A to B.
Move a disc from A to C.
Move a disc from B to C.
Move a disc from B to A.
Move a disc from C to A.
Move a disc from C to B.
Move a disc from A to B.
Move a disc from C to A.
Move a disc from B to C.
Move a disc from B to A.
Move a disc from C to A.
Move a disc from B to C.
Move a disc from A to B.
Move a disc from A to C.
Move a disc from B to C.
Move a disc from A to B.
Move a disc from C to A.
Move a disc from C to B.
Move a disc from A to B.
Move a disc from A to C.
Move a disc from B to C.
Move a disc from B to A.
Move a disc from C to A.
Move a disc from B to C.
Move a disc from A to B.
Move a disc from A to C.
Move a disc from B to C.
Move a disc from A to B.
Move a disc from C to A.
Move a disc from C to B.
Move a disc from A to B.
Move a disc from C to A.
Move a disc from B to C.
Move a disc from B to A.
Move a disc from C to A.
Move a disc from C to B.
Move a disc from A to B.
Move a disc from A to C.
Move a disc from B to C.
Move a disc from A to B.
Move a disc from C to A.
Move a disc from C to B.
Move a disc from A to B.
Move a disc from A to C.
Move a disc from B to C.
Move a disc from B to A.
Move a disc from C to A.
Move a disc from B to C.
Move a disc from A to B.
Move a disc from A to C.
Move a disc from B to C.
Move a disc from B to A.
Move a disc from C to A.
Move a disc from C to B.
Move a disc from A to B.
Move a disc from C to A.
Move a disc from B to C.
Move a disc from B to A.
Move a disc from C to A.
Move a disc from B to C.
Move a disc from A to B.
Move a disc from A to C.
Move a disc from B to C.
Move a disc from A to B.
Move a disc from C to A.
Move a disc from C to B.
Move a disc from A to B.
Move a disc from A to C.
Move a disc from B to C.
Move a disc from B to A.
Move a disc from C to A.
Move a disc from B to C.
Move a disc from A to B.
Move a disc from A to C.
Move a disc from B to C.

Total number of movements: 1023.
