before
 12, 20, 18, 10, 14, 2, 4, 6, 16, 8,
after
 2, 4, 6, 8, 10, 12, 14, 16, 18, 20,
