Tiger allows string constants to span multiple lines by ending and starting each line with a backslash.
