Ping!
Pong!
Ping!
Pong!
Ping!
Pong!
Ping!
Pong!
Ping!
Pong!
Ping!
Pong!
Ping!
Pong!
Ping!
Pong!
Ping!
Pong!
Ping!
Pong!
