0:
1:a
2:ab
3:abc
4:abcd
5:abcde
6:abcdef
7:abcdefg
8:abcdefgh
9:abcdefghi
10:abcdefghij
11:abcdefghijk
12:abcdefghijkl
13:abcdefghijklm
14:abcdefghijklmn
15:abcdefghijklmno
16:abcdefghijklmnop
17:abcdefghijklmnopq
18:abcdefghijklmnopqr
19:abcdefghijklmnopqrs
20:abcdefghijklmnopqrst
21:abcdefghijklmnopqrstu
22:abcdefghijklmnopqrstuv
23:abcdefghijklmnopqrstuvw
24:abcdefghijklmnopqrstuvwx
25:abcdefghijklmnopqrstuvwxy
26:abcdefghijklmnopqrstuvwxyz
27:abcdefghijklmnopqrstuvwxyzA
28:abcdefghijklmnopqrstuvwxyzAB
29:abcdefghijklmnopqrstuvwxyzABC
30:abcdefghijklmnopqrstuvwxyzABCD
31:abcdefghijklmnopqrstuvwxyzABCDE
32:abcdefghijklmnopqrstuvwxyzABCDEF
33:abcdefghijklmnopqrstuvwxyzABCDEFG
34:abcdefghijklmnopqrstuvwxyzABCDEFGH
35:abcdefghijklmnopqrstuvwxyzABCDEFGHI
36:abcdefghijklmnopqrstuvwxyzABCDEFGHIJ
37:abcdefghijklmnopqrstuvwxyzABCDEFGHIJK
38:abcdefghijklmnopqrstuvwxyzABCDEFGHIJKL
39:abcdefghijklmnopqrstuvwxyzABCDEFGHIJKLM
40:abcdefghijklmnopqrstuvwxyzABCDEFGHIJKLMN
41:abcdefghijklmnopqrstuvwxyzABCDEFGHIJKLMNO
42:abcdefghijklmnopqrstuvwxyzABCDEFGHIJKLMNOP
43:abcdefghijklmnopqrstuvwxyzABCDEFGHIJKLMNOPQ
44:abcdefghijklmnopqrstuvwxyzABCDEFGHIJKLMNOPQR
45:abcdefghijklmnopqrstuvwxyzABCDEFGHIJKLMNOPQRS
46:abcdefghijklmnopqrstuvwxyzABCDEFGHIJKLMNOPQRST
47:abcdefghijklmnopqrstuvwxyzABCDEFGHIJKLMNOPQRSTU
48:abcdefghijklmnopqrstuvwxyzABCDEFGHIJKLMNOPQRSTUV
49:abcdefghijklmnopqrstuvwxyzABCDEFGHIJKLMNOPQRSTUVW
50:abcdefghijklmnopqrstuvwxyzABCDEFGHIJKLMNOPQRSTUVWX
51:abcdefghijklmnopqrstuvwxyzABCDEFGHIJKLMNOPQRSTUVWXY
