
T
Th
Thi
This
This 
This i
This is
This is 
This is P
This is Py
This is PyT
This is PyTi
This is PyTig
This is PyTige
This is PyTiger
This is PyTiger2
This is PyTiger2C

h
hi
his
his 
his i
his is
his is 
his is P
his is Py
his is PyT
his is PyTi
his is PyTig
his is PyTige
his is PyTiger
his is PyTiger2
his is PyTiger2C

i
is
is 
is i
is is
is is 
is is P
is is Py
is is PyT
is is PyTi
is is PyTig
is is PyTige
is is PyTiger
is is PyTiger2
is is PyTiger2C

s
s 
s i
s is
s is 
s is P
s is Py
s is PyT
s is PyTi
s is PyTig
s is PyTige
s is PyTiger
s is PyTiger2
s is PyTiger2C

 
 i
 is
 is 
 is P
 is Py
 is PyT
 is PyTi
 is PyTig
 is PyTige
 is PyTiger
 is PyTiger2
 is PyTiger2C

i
is
is 
is P
is Py
is PyT
is PyTi
is PyTig
is PyTige
is PyTiger
is PyTiger2
is PyTiger2C

s
s 
s P
s Py
s PyT
s PyTi
s PyTig
s PyTige
s PyTiger
s PyTiger2
s PyTiger2C

 
 P
 Py
 PyT
 PyTi
 PyTig
 PyTige
 PyTiger
 PyTiger2
 PyTiger2C

P
Py
PyT
PyTi
PyTig
PyTige
PyTiger
PyTiger2
PyTiger2C

y
yT
yTi
yTig
yTige
yTiger
yTiger2
yTiger2C

T
Ti
Tig
Tige
Tiger
Tiger2
Tiger2C

i
ig
ige
iger
iger2
iger2C

g
ge
ger
ger2
ger2C

e
er
er2
er2C

r
r2
r2C

2
2C

C

