pytiger2c.py (PyTiger2C) 1.0
Copyright (C) 2009, 2010 Yasser González Fernández <yglez@uh.cu>
Copyright (C) 2009, 2010 Ariel Hernández Amador <gnuaha7@uh.cu>
