This is PyTiger2C
This is PyTiger2C
This is PyTiger2C
This is PyTiger2C
This is PyTiger2C
This is PyTiger2C
This is PyTiger2C
This is PyTiger2C
This is PyTiger2C
This is PyTiger2C
This is PyTiger2C
This is PyTiger2C
This is PyTiger2C
This is PyTiger2C
This is PyTiger2C
This is PyTiger2C
This is PyTiger2C
