this should be printed 5 times
this should be printed 5 times
this should be printed 5 times
this should be printed 5 times
this should be printed 5 times
